MPLINK 4.02, Linker
Linker Map File - Created Mon Oct 23 13:54:08 2023

                                 Section Info
                  Section       Type    Address   Location Size(Bytes)
                ---------  ---------  ---------  ---------  ---------
               _entry_scn       code   0x000000    program   0x000006
                   .cinit    romdata   0x00002a    program   0x000002
           .code_GXHT30.o       code   0x00002c    program   0x00059a
                     PROG       code   0x0005c6    program   0x00058c
             .code_main.o       code   0x000b52    program   0x0001c8
            .code_delay.o       code   0x000d1a    program   0x000140
               _cinit_scn       code   0x000e5a    program   0x00009e
         .code_fxd2424u.o       code   0x000ef8    program   0x00003a
              .code_k18.o       code   0x000f32    program   0x000034
             D10KTCYXCODE       code   0x000f66    program   0x00002e
              D1KTCYXCODE       code   0x000f94    program   0x000020
             _startup_scn       code   0x000fb4    program   0x000018
              D10TCYXCODE       code   0x000fcc    program   0x000016
      .romdata_fxd2424u.o    romdata   0x000fe2    program   0x000000
      .idata_fxd2424u.o_i    romdata   0x000fe2    program   0x000000
          .romdata_main.o    romdata   0x000fe2    program   0x000000
          .idata_main.o_i    romdata   0x000fe2    program   0x000000
           .romdata_k18.o    romdata   0x000fe2    program   0x000000
           .idata_k18.o_i    romdata   0x000fe2    program   0x000000
        .romdata_GXHT30.o    romdata   0x000fe2    program   0x000000
        .idata_GXHT30.o_i    romdata   0x000fe2    program   0x000000
         .romdata_delay.o    romdata   0x000fe2    program   0x000000
         .idata_delay.o_i    romdata   0x000fe2    program   0x000000
            .code_c018i.o       code   0x000fe2    program   0x000000
         .romdata_c018i.o    romdata   0x000fe2    program   0x000000
         .idata_c018i.o_i    romdata   0x000fe2    program   0x000000
                MATH_DATA      udata   0x000000       data   0x000014
                 .tmpdata      udata   0x000014       data   0x000010
                DELAYDAT2      udata   0x000024       data   0x000001
                DELAYDAT1      udata   0x000025       data   0x000001
            .udata_main.o      udata   0x000080       data   0x00000a
           .udata_c018i.o      udata   0x00008a       data   0x00000a
          .udata_GXHT30.o      udata   0x000094       data   0x000000
          .idata_GXHT30.o      idata   0x000094       data   0x000000
             .udata_k18.o      udata   0x000094       data   0x000000
             .idata_k18.o      idata   0x000094       data   0x000000
           .idata_delay.o      idata   0x000094       data   0x000000
            .idata_main.o      idata   0x000094       data   0x000000
           .udata_delay.o      udata   0x000094       data   0x000000
           .idata_c018i.o      idata   0x000094       data   0x000000
        .udata_fxd2424u.o      udata   0x000094       data   0x000000
        .idata_fxd2424u.o      idata   0x000094       data   0x000000
                   .stack      udata   0x000500       data   0x000100
            SFR_UNBANKED0      udata   0x000f80       data   0x000080



                              Program Memory Usage 
                               Start         End      
                           ---------   ---------      
                            0x000000    0x000005      
                            0x00002a    0x000fe1      
            4030 out of 33048 program addresses used, program memory utilization is 12%



                              Symbols - Sorted by Name
                     Name    Address   Location    Storage File                     
                ---------  ---------  ---------  --------- ---------                
                   D10K_1   0x000f72    program     static C:\MCC18\SRC\TRADIT~1\DELAYS\d10ktcyx.asm
                    D10Kl   0x000f7e    program     static C:\MCC18\SRC\TRADIT~1\DELAYS\d10ktcyx.asm
                    D10Kx   0x000f70    program     static C:\MCC18\SRC\TRADIT~1\DELAYS\d10ktcyx.asm
                    D10_1   0x000fdc    program     static C:\MCC18\SRC\TRADIT~1\DELAYS\d10tcyx.asm
                     D10x   0x000fd4    program     static C:\MCC18\SRC\TRADIT~1\DELAYS\d10tcyx.asm
                    D1K_1   0x000fa0    program     static C:\MCC18\SRC\TRADIT~1\DELAYS\d1ktcyx.asm
                     D1Kx   0x000f9e    program     static C:\MCC18\SRC\TRADIT~1\DELAYS\d1ktcyx.asm
                   D2424S   0x0008c8    program     static C:\MCC18\SRC\TRADIT~1\MATH\fxd2424s.asm
                D2424SNEG   0x0008d6    program     static C:\MCC18\SRC\TRADIT~1\MATH\fxd2424s.asm
                 D2424SOK   0x0008d2    program     static C:\MCC18\SRC\TRADIT~1\MATH\fxd2424s.asm
                  D2424SX   0x0008ee    program     static C:\MCC18\SRC\TRADIT~1\MATH\fxd2424s.asm
                  DA2424S   0x0008b4    program     static C:\MCC18\SRC\TRADIT~1\MATH\fxd2424s.asm
             Delay10KTCYx   0x000f66    program     extern C:\MCC18\SRC\TRADIT~1\DELAYS\d10ktcyx.asm
                Delay10Ms   0x000d1a    program     extern D:\PIC16\X1\delay.c      
              Delay10TCYx   0x000fcc    program     extern C:\MCC18\SRC\TRADIT~1\DELAYS\d10tcyx.asm
                Delay10us   0x000dfa    program     extern D:\PIC16\X1\delay.c      
              Delay1KTCYx   0x000f94    program     extern C:\MCC18\SRC\TRADIT~1\DELAYS\d1ktcyx.asm
                  DelayMs   0x000d8a    program     extern D:\PIC16\X1\delay.c      
                  Delayus   0x000e2c    program     extern D:\PIC16\X1\delay.c      
                 FLO1632S   0x0005ca    program     extern C:\MCC18\SRC\TRADIT~1\MATH\cast16FP.asm
                 FLO1632U   0x0005c6    program     extern C:\MCC18\SRC\TRADIT~1\MATH\cast16FP.asm
                    FPA32   0x000772    program     extern C:\MCC18\SRC\TRADIT~1\MATH\addFP.asm
                    FPD32   0x0005f0    program     extern C:\MCC18\SRC\TRADIT~1\MATH\divFP.asm
                    FPM32   0x000696    program     extern C:\MCC18\SRC\TRADIT~1\MATH\mulFP.asm
                    FPS32   0x000770    program     extern C:\MCC18\SRC\TRADIT~1\MATH\addFP.asm
                 FXD2424S   0x00089e    program     extern C:\MCC18\SRC\TRADIT~1\MATH\fxd2424s.asm
                 FXD2424U   0x000ef8    program     extern C:\MCC18\src\TRADIT~1\math\fxd2424u.c
                 FXM2424U   0x0008f8    program     extern C:\MCC18\SRC\TRADIT~1\MATH\fxm2424u.asm
                        G   0x000d0a    program     extern D:\PIC16\X1\main.c       
       GXHT30_read_result   0x000280    program     extern D:\PIC16\X1\GXHT30.c     
         GXHT30_write_cmd   0x00056c    program     extern D:\PIC16\X1\GXHT30.c     
                  IIC_Ack   0x000090    program     extern D:\PIC16\X1\GXHT30.c     
                 IIC_NAck   0x0000b0    program     extern D:\PIC16\X1\GXHT30.c     
             IIC_ReadByte   0x0001da    program     extern D:\PIC16\X1\GXHT30.c     
             IIC_SendByte   0x00013a    program     extern D:\PIC16\X1\GXHT30.c     
                IIC_Start   0x000038    program     extern D:\PIC16\X1\GXHT30.c     
                 IIC_Stop   0x000064    program     extern D:\PIC16\X1\GXHT30.c     
                 IIC_WAck   0x0000d0    program     extern D:\PIC16\X1\GXHT30.c     
                 IIC_init   0x00002c    program     extern D:\PIC16\X1\GXHT30.c     
                        K   0x000cfa    program     extern D:\PIC16\X1\main.c       
                  TAGTB32   0x00098a    program     extern C:\MCC18\SRC\TRADIT~1\MATH\gtFP.asm
       _D10KTCYXCODE_0010   0x000f76    program     static C:\MCC18\SRC\TRADIT~1\DELAYS\d10ktcyx.asm
       _D10KTCYXCODE_001C   0x000f82    program     static C:\MCC18\SRC\TRADIT~1\DELAYS\d10ktcyx.asm
        _D10TCYXCODE_000A   0x000fd6    program     static C:\MCC18\SRC\TRADIT~1\DELAYS\d10tcyx.asm
        _D10TCYXCODE_000C   0x000fd8    program     static C:\MCC18\SRC\TRADIT~1\DELAYS\d10tcyx.asm
        _D10TCYXCODE_000E   0x000fda    program     static C:\MCC18\SRC\TRADIT~1\DELAYS\d10tcyx.asm
        _D1KTCYXCODE_0010   0x000fa4    program     static C:\MCC18\SRC\TRADIT~1\DELAYS\d1ktcyx.asm
        _D1KTCYXCODE_0016   0x000faa    program     static C:\MCC18\SRC\TRADIT~1\DELAYS\d1ktcyx.asm
              __FpCompare   0x00099c    program     extern C:\MCC18\SRC\TRADIT~1\MATH\compFP.asm
                 __FpExit   0x000a52    program     extern C:\MCC18\SRC\TRADIT~1\MATH\packFP.asm
                 __FpPack   0x000a7e    program     extern C:\MCC18\SRC\TRADIT~1\MATH\packFP.asm
            __FpReturnNaN   0x000a46    program     extern C:\MCC18\SRC\TRADIT~1\MATH\packFP.asm
         __FpReturnNegInf   0x000a58    program     extern C:\MCC18\SRC\TRADIT~1\MATH\packFP.asm
        __FpReturnNegZero   0x000a70    program     extern C:\MCC18\SRC\TRADIT~1\MATH\packFP.asm
         __FpReturnPosInf   0x000a5e    program     extern C:\MCC18\SRC\TRADIT~1\MATH\packFP.asm
        __FpReturnPosZero   0x000a78    program     extern C:\MCC18\SRC\TRADIT~1\MATH\packFP.asm
        __FpReturnSignInf   0x000a54    program     extern C:\MCC18\SRC\TRADIT~1\MATH\packFP.asm
       __FpReturnSignZero   0x000a6c    program     extern C:\MCC18\SRC\TRADIT~1\MATH\packFP.asm
              __FpReturnW   0x000ad6    program     extern C:\MCC18\SRC\TRADIT~1\MATH\packFP.asm
              __FpUnPackA   0x000af6    program     extern C:\MCC18\SRC\TRADIT~1\MATH\UnpackFP.asm
              __FpUnPackB   0x000b26    program     extern C:\MCC18\SRC\TRADIT~1\MATH\UnpackFP.asm
       ___return_lbl00000   0x000004    program     static                          
       ___return_lbl00000   0x000f30    program     static                          
       ___return_lbl00001   0x000fca    program     static                          
       ___return_lbl00002   0x000ef6    program     static                          
                _do_cinit   0x000e5a    program     extern C:\MCC18\src\traditional\startup\c018i.c
                   _entry   0x000000    program     extern C:\MCC18\src\traditional\startup\c018i.c
                   _false   0x000f2c    program     static                          
                 _startup   0x000fb4    program     extern C:\MCC18\src\traditional\startup\c018i.c
                copy_loop   0x000ecc    program     static                          
            copy_one_byte   0x000ed2    program     static                          
                     done   0x000ef6    program     static                          
             done_copying   0x000ee0    program     static                          
                 jANotInf   0x00079a    program     static C:\MCC18\SRC\TRADIT~1\MATH\addFP.asm
                 jANotInf   0x00060e    program     static C:\MCC18\SRC\TRADIT~1\MATH\divFP.asm
                 jANotInf   0x0006b4    program     static C:\MCC18\SRC\TRADIT~1\MATH\mulFP.asm
                 jANotNeg   0x00082e    program     static C:\MCC18\SRC\TRADIT~1\MATH\addFP.asm
                jANotZero   0x000622    program     static C:\MCC18\SRC\TRADIT~1\MATH\divFP.asm
              jAandWsetup   0x0007fe    program     static C:\MCC18\SRC\TRADIT~1\MATH\addFP.asm
                  jAisNeg   0x000a18    program     static C:\MCC18\SRC\TRADIT~1\MATH\compFP.asm
                 jAltBexp   0x0007ec    program     static C:\MCC18\SRC\TRADIT~1\MATH\addFP.asm
                jBANotInf   0x000790    program     static C:\MCC18\SRC\TRADIT~1\MATH\addFP.asm
                 jBNotInf   0x0007a8    program     static C:\MCC18\SRC\TRADIT~1\MATH\addFP.asm
              jBothFinite   0x0006c2    program     static C:\MCC18\SRC\TRADIT~1\MATH\mulFP.asm
             jBothNotZero   0x0006ce    program     static C:\MCC18\SRC\TRADIT~1\MATH\mulFP.asm
             jBothNotZero   0x0009ba    program     static C:\MCC18\SRC\TRADIT~1\MATH\compFP.asm
            jDifOrPosSign   0x0007bc    program     static C:\MCC18\SRC\TRADIT~1\MATH\addFP.asm
                      jEQ   0x0009d6    program     static C:\MCC18\SRC\TRADIT~1\MATH\compFP.asm
                    jExch   0x0009e2    program     static C:\MCC18\SRC\TRADIT~1\MATH\compFP.asm
                   jExpEQ   0x000a28    program     static C:\MCC18\SRC\TRADIT~1\MATH\compFP.asm
                   jFinal   0x000a0c    program     static C:\MCC18\SRC\TRADIT~1\MATH\compFP.asm
               jFinalSign   0x000896    program     static C:\MCC18\SRC\TRADIT~1\MATH\addFP.asm
                jHaveZero   0x0006ca    program     static C:\MCC18\SRC\TRADIT~1\MATH\mulFP.asm
                jI2F16Beg   0x0005da    program     static C:\MCC18\SRC\TRADIT~1\MATH\cast16FP.asm
                    jLoop   0x00064a    program     static C:\MCC18\SRC\TRADIT~1\MATH\divFP.asm
                      jNE   0x0009da    program     static C:\MCC18\SRC\TRADIT~1\MATH\compFP.asm
                    jNext   0x000670    program     static C:\MCC18\SRC\TRADIT~1\MATH\divFP.asm
                jNoAdjust   0x00066e    program     static C:\MCC18\SRC\TRADIT~1\MATH\divFP.asm
                  jNoExch   0x000a02    program     static C:\MCC18\SRC\TRADIT~1\MATH\compFP.asm
             jNotBothZero   0x0007c0    program     static C:\MCC18\SRC\TRADIT~1\MATH\addFP.asm
                  jPkLoop   0x000a8c    program     static C:\MCC18\SRC\TRADIT~1\MATH\packFP.asm
             jPkRoundDone   0x000ad6    program     static C:\MCC18\SRC\TRADIT~1\MATH\packFP.asm
               jPkRoundIt   0x000abe    program     static C:\MCC18\SRC\TRADIT~1\MATH\packFP.asm
             jPkShiftDone   0x000aa8    program     static C:\MCC18\SRC\TRADIT~1\MATH\packFP.asm
           jReturnPosInf0   0x000a62    program     static C:\MCC18\SRC\TRADIT~1\MATH\packFP.asm
                  jRotate   0x000a34    program     static C:\MCC18\SRC\TRADIT~1\MATH\compFP.asm
                   jShift   0x000a1e    program     static C:\MCC18\SRC\TRADIT~1\MATH\compFP.asm
               jShiftDone   0x000856    program     static C:\MCC18\SRC\TRADIT~1\MATH\addFP.asm
               jShiftLoop   0x000848    program     static C:\MCC18\SRC\TRADIT~1\MATH\addFP.asm
                jSignDone   0x000886    program     static C:\MCC18\SRC\TRADIT~1\MATH\addFP.asm
              jSignedZero   0x000618    program     static C:\MCC18\SRC\TRADIT~1\MATH\divFP.asm
                 jSignsEQ   0x0009be    program     static C:\MCC18\SRC\TRADIT~1\MATH\compFP.asm
                  jUnpkA1   0x000b00    program     static C:\MCC18\SRC\TRADIT~1\MATH\UnpackFP.asm
                  jUnpkA2   0x000b18    program     static C:\MCC18\SRC\TRADIT~1\MATH\UnpackFP.asm
                 jUnpkANZ   0x000b0e    program     static C:\MCC18\SRC\TRADIT~1\MATH\UnpackFP.asm
                  jUnpkB1   0x000b30    program     static C:\MCC18\SRC\TRADIT~1\MATH\UnpackFP.asm
                  jUnpkB2   0x000b48    program     static C:\MCC18\SRC\TRADIT~1\MATH\UnpackFP.asm
                 jUnpkBNZ   0x000b3e    program     static C:\MCC18\SRC\TRADIT~1\MATH\UnpackFP.asm
                 jUnpkNaN   0x000b22    program     static C:\MCC18\SRC\TRADIT~1\MATH\UnpackFP.asm
                 jWNotNeg   0x000842    program     static C:\MCC18\SRC\TRADIT~1\MATH\addFP.asm
               jZero1and2   0x000a66    program     static C:\MCC18\SRC\TRADIT~1\MATH\packFP.asm
                 k18_init   0x000f32    program     extern D:\PIC16\X1\k18.c        
                     loop   0x000f04    program     static                          
                     loop   0x000fc4    program     static                          
                     main   0x000b52    program     extern D:\PIC16\X1\main.c       
                     test   0x000e74    program     static                          
                   ADCON0   0x000fc2       data     extern C:\MCC18\SRC\TRADIT~1\PROC\p18f4520.asm
               ADCON0bits   0x000fc2       data     extern C:\MCC18\SRC\TRADIT~1\PROC\p18f4520.asm
                   ADCON1   0x000fc1       data     extern C:\MCC18\SRC\TRADIT~1\PROC\p18f4520.asm
               ADCON1bits   0x000fc1       data     extern C:\MCC18\SRC\TRADIT~1\PROC\p18f4520.asm
                   ADCON2   0x000fc0       data     extern C:\MCC18\SRC\TRADIT~1\PROC\p18f4520.asm
               ADCON2bits   0x000fc0       data     extern C:\MCC18\SRC\TRADIT~1\PROC\p18f4520.asm
                    ADRES   0x000fc3       data     extern C:\MCC18\SRC\TRADIT~1\PROC\p18f4520.asm
                   ADRESH   0x000fc4       data     extern C:\MCC18\SRC\TRADIT~1\PROC\p18f4520.asm
                   ADRESL   0x000fc3       data     extern C:\MCC18\SRC\TRADIT~1\PROC\p18f4520.asm
                  BAUDCON   0x000fb8       data     extern C:\MCC18\SRC\TRADIT~1\PROC\p18f4520.asm
              BAUDCONbits   0x000fb8       data     extern C:\MCC18\SRC\TRADIT~1\PROC\p18f4520.asm
                  BAUDCTL   0x000fb8       data     extern C:\MCC18\SRC\TRADIT~1\PROC\p18f4520.asm
              BAUDCTLbits   0x000fb8       data     extern C:\MCC18\SRC\TRADIT~1\PROC\p18f4520.asm
                      BSR   0x000fe0       data     extern C:\MCC18\SRC\TRADIT~1\PROC\p18f4520.asm
                  CCP1CON   0x000fbd       data     extern C:\MCC18\SRC\TRADIT~1\PROC\p18f4520.asm
              CCP1CONbits   0x000fbd       data     extern C:\MCC18\SRC\TRADIT~1\PROC\p18f4520.asm
                  CCP2CON   0x000fba       data     extern C:\MCC18\SRC\TRADIT~1\PROC\p18f4520.asm
              CCP2CONbits   0x000fba       data     extern C:\MCC18\SRC\TRADIT~1\PROC\p18f4520.asm
                    CCPR1   0x000fbe       data     extern C:\MCC18\SRC\TRADIT~1\PROC\p18f4520.asm
                   CCPR1H   0x000fbf       data     extern C:\MCC18\SRC\TRADIT~1\PROC\p18f4520.asm
                   CCPR1L   0x000fbe       data     extern C:\MCC18\SRC\TRADIT~1\PROC\p18f4520.asm
                    CCPR2   0x000fbb       data     extern C:\MCC18\SRC\TRADIT~1\PROC\p18f4520.asm
                   CCPR2H   0x000fbc       data     extern C:\MCC18\SRC\TRADIT~1\PROC\p18f4520.asm
                   CCPR2L   0x000fbb       data     extern C:\MCC18\SRC\TRADIT~1\PROC\p18f4520.asm
                    CMCON   0x000fb4       data     extern C:\MCC18\SRC\TRADIT~1\PROC\p18f4520.asm
                CMCONbits   0x000fb4       data     extern C:\MCC18\SRC\TRADIT~1\PROC\p18f4520.asm
                   CVRCON   0x000fb5       data     extern C:\MCC18\SRC\TRADIT~1\PROC\p18f4520.asm
               CVRCONbits   0x000fb5       data     extern C:\MCC18\SRC\TRADIT~1\PROC\p18f4520.asm
                     DDRA   0x000f92       data     extern C:\MCC18\SRC\TRADIT~1\PROC\p18f4520.asm
                 DDRAbits   0x000f92       data     extern C:\MCC18\SRC\TRADIT~1\PROC\p18f4520.asm
                     DDRB   0x000f93       data     extern C:\MCC18\SRC\TRADIT~1\PROC\p18f4520.asm
                 DDRBbits   0x000f93       data     extern C:\MCC18\SRC\TRADIT~1\PROC\p18f4520.asm
                     DDRC   0x000f94       data     extern C:\MCC18\SRC\TRADIT~1\PROC\p18f4520.asm
                 DDRCbits   0x000f94       data     extern C:\MCC18\SRC\TRADIT~1\PROC\p18f4520.asm
                     DDRD   0x000f95       data     extern C:\MCC18\SRC\TRADIT~1\PROC\p18f4520.asm
                 DDRDbits   0x000f95       data     extern C:\MCC18\SRC\TRADIT~1\PROC\p18f4520.asm
                     DDRE   0x000f96       data     extern C:\MCC18\SRC\TRADIT~1\PROC\p18f4520.asm
                 DDREbits   0x000f96       data     extern C:\MCC18\SRC\TRADIT~1\PROC\p18f4520.asm
            DelayCounter1   0x000025       data     extern C:\MCC18\SRC\TRADIT~1\DELAYS\delayd1.asm
            DelayCounter2   0x000024       data     extern C:\MCC18\SRC\TRADIT~1\DELAYS\delayd2.asm
                  ECCP1AS   0x000fb6       data     extern C:\MCC18\SRC\TRADIT~1\PROC\p18f4520.asm
              ECCP1ASbits   0x000fb6       data     extern C:\MCC18\SRC\TRADIT~1\PROC\p18f4520.asm
                    EEADR   0x000fa9       data     extern C:\MCC18\SRC\TRADIT~1\PROC\p18f4520.asm
                   EECON1   0x000fa6       data     extern C:\MCC18\SRC\TRADIT~1\PROC\p18f4520.asm
               EECON1bits   0x000fa6       data     extern C:\MCC18\SRC\TRADIT~1\PROC\p18f4520.asm
                   EECON2   0x000fa7       data     extern C:\MCC18\SRC\TRADIT~1\PROC\p18f4520.asm
                   EEDATA   0x000fa8       data     extern C:\MCC18\SRC\TRADIT~1\PROC\p18f4520.asm
                     FSR0   0x000fe9       data     extern C:\MCC18\SRC\TRADIT~1\PROC\p18f4520.asm
                    FSR0H   0x000fea       data     extern C:\MCC18\SRC\TRADIT~1\PROC\p18f4520.asm
                    FSR0L   0x000fe9       data     extern C:\MCC18\SRC\TRADIT~1\PROC\p18f4520.asm
                     FSR1   0x000fe1       data     extern C:\MCC18\SRC\TRADIT~1\PROC\p18f4520.asm
                    FSR1H   0x000fe2       data     extern C:\MCC18\SRC\TRADIT~1\PROC\p18f4520.asm
                    FSR1L   0x000fe1       data     extern C:\MCC18\SRC\TRADIT~1\PROC\p18f4520.asm
                     FSR2   0x000fd9       data     extern C:\MCC18\SRC\TRADIT~1\PROC\p18f4520.asm
                    FSR2H   0x000fda       data     extern C:\MCC18\SRC\TRADIT~1\PROC\p18f4520.asm
                    FSR2L   0x000fd9       data     extern C:\MCC18\SRC\TRADIT~1\PROC\p18f4520.asm
                  HLVDCON   0x000fd2       data     extern C:\MCC18\SRC\TRADIT~1\PROC\p18f4520.asm
              HLVDCONbits   0x000fd2       data     extern C:\MCC18\SRC\TRADIT~1\PROC\p18f4520.asm
                 Humidity   0x000084       data     extern D:\PIC16\X1\main.c       
                    INDF0   0x000fef       data     extern C:\MCC18\SRC\TRADIT~1\PROC\p18f4520.asm
                    INDF1   0x000fe7       data     extern C:\MCC18\SRC\TRADIT~1\PROC\p18f4520.asm
                    INDF2   0x000fdf       data     extern C:\MCC18\SRC\TRADIT~1\PROC\p18f4520.asm
                   INTCON   0x000ff2       data     extern C:\MCC18\SRC\TRADIT~1\PROC\p18f4520.asm
                  INTCON2   0x000ff1       data     extern C:\MCC18\SRC\TRADIT~1\PROC\p18f4520.asm
              INTCON2bits   0x000ff1       data     extern C:\MCC18\SRC\TRADIT~1\PROC\p18f4520.asm
                  INTCON3   0x000ff0       data     extern C:\MCC18\SRC\TRADIT~1\PROC\p18f4520.asm
              INTCON3bits   0x000ff0       data     extern C:\MCC18\SRC\TRADIT~1\PROC\p18f4520.asm
               INTCONbits   0x000ff2       data     extern C:\MCC18\SRC\TRADIT~1\PROC\p18f4520.asm
                     IPR1   0x000f9f       data     extern C:\MCC18\SRC\TRADIT~1\PROC\p18f4520.asm
                 IPR1bits   0x000f9f       data     extern C:\MCC18\SRC\TRADIT~1\PROC\p18f4520.asm
                     IPR2   0x000fa2       data     extern C:\MCC18\SRC\TRADIT~1\PROC\p18f4520.asm
                 IPR2bits   0x000fa2       data     extern C:\MCC18\SRC\TRADIT~1\PROC\p18f4520.asm
                     LATA   0x000f89       data     extern C:\MCC18\SRC\TRADIT~1\PROC\p18f4520.asm
                 LATAbits   0x000f89       data     extern C:\MCC18\SRC\TRADIT~1\PROC\p18f4520.asm
                     LATB   0x000f8a       data     extern C:\MCC18\SRC\TRADIT~1\PROC\p18f4520.asm
                 LATBbits   0x000f8a       data     extern C:\MCC18\SRC\TRADIT~1\PROC\p18f4520.asm
                     LATC   0x000f8b       data     extern C:\MCC18\SRC\TRADIT~1\PROC\p18f4520.asm
                 LATCbits   0x000f8b       data     extern C:\MCC18\SRC\TRADIT~1\PROC\p18f4520.asm
                     LATD   0x000f8c       data     extern C:\MCC18\SRC\TRADIT~1\PROC\p18f4520.asm
                 LATDbits   0x000f8c       data     extern C:\MCC18\SRC\TRADIT~1\PROC\p18f4520.asm
                     LATE   0x000f8d       data     extern C:\MCC18\SRC\TRADIT~1\PROC\p18f4520.asm
                 LATEbits   0x000f8d       data     extern C:\MCC18\SRC\TRADIT~1\PROC\p18f4520.asm
                   LVDCON   0x000fd2       data     extern C:\MCC18\SRC\TRADIT~1\PROC\p18f4520.asm
               LVDCONbits   0x000fd2       data     extern C:\MCC18\SRC\TRADIT~1\PROC\p18f4520.asm
                   OSCCON   0x000fd3       data     extern C:\MCC18\SRC\TRADIT~1\PROC\p18f4520.asm
               OSCCONbits   0x000fd3       data     extern C:\MCC18\SRC\TRADIT~1\PROC\p18f4520.asm
                  OSCTUNE   0x000f9b       data     extern C:\MCC18\SRC\TRADIT~1\PROC\p18f4520.asm
              OSCTUNEbits   0x000f9b       data     extern C:\MCC18\SRC\TRADIT~1\PROC\p18f4520.asm
                       PC   0x000ff9       data     extern C:\MCC18\SRC\TRADIT~1\PROC\p18f4520.asm
                      PCL   0x000ff9       data     extern C:\MCC18\SRC\TRADIT~1\PROC\p18f4520.asm
                   PCLATH   0x000ffa       data     extern C:\MCC18\SRC\TRADIT~1\PROC\p18f4520.asm
                   PCLATU   0x000ffb       data     extern C:\MCC18\SRC\TRADIT~1\PROC\p18f4520.asm
                     PIE1   0x000f9d       data     extern C:\MCC18\SRC\TRADIT~1\PROC\p18f4520.asm
                 PIE1bits   0x000f9d       data     extern C:\MCC18\SRC\TRADIT~1\PROC\p18f4520.asm
                     PIE2   0x000fa0       data     extern C:\MCC18\SRC\TRADIT~1\PROC\p18f4520.asm
                 PIE2bits   0x000fa0       data     extern C:\MCC18\SRC\TRADIT~1\PROC\p18f4520.asm
                     PIR1   0x000f9e       data     extern C:\MCC18\SRC\TRADIT~1\PROC\p18f4520.asm
                 PIR1bits   0x000f9e       data     extern C:\MCC18\SRC\TRADIT~1\PROC\p18f4520.asm
                     PIR2   0x000fa1       data     extern C:\MCC18\SRC\TRADIT~1\PROC\p18f4520.asm
                 PIR2bits   0x000fa1       data     extern C:\MCC18\SRC\TRADIT~1\PROC\p18f4520.asm
                   PLUSW0   0x000feb       data     extern C:\MCC18\SRC\TRADIT~1\PROC\p18f4520.asm
                   PLUSW1   0x000fe3       data     extern C:\MCC18\SRC\TRADIT~1\PROC\p18f4520.asm
                   PLUSW2   0x000fdb       data     extern C:\MCC18\SRC\TRADIT~1\PROC\p18f4520.asm
                    PORTA   0x000f80       data     extern C:\MCC18\SRC\TRADIT~1\PROC\p18f4520.asm
                PORTAbits   0x000f80       data     extern C:\MCC18\SRC\TRADIT~1\PROC\p18f4520.asm
                    PORTB   0x000f81       data     extern C:\MCC18\SRC\TRADIT~1\PROC\p18f4520.asm
                PORTBbits   0x000f81       data     extern C:\MCC18\SRC\TRADIT~1\PROC\p18f4520.asm
                    PORTC   0x000f82       data     extern C:\MCC18\SRC\TRADIT~1\PROC\p18f4520.asm
                PORTCbits   0x000f82       data     extern C:\MCC18\SRC\TRADIT~1\PROC\p18f4520.asm
                    PORTD   0x000f83       data     extern C:\MCC18\SRC\TRADIT~1\PROC\p18f4520.asm
                PORTDbits   0x000f83       data     extern C:\MCC18\SRC\TRADIT~1\PROC\p18f4520.asm
                    PORTE   0x000f84       data     extern C:\MCC18\SRC\TRADIT~1\PROC\p18f4520.asm
                PORTEbits   0x000f84       data     extern C:\MCC18\SRC\TRADIT~1\PROC\p18f4520.asm
                 POSTDEC0   0x000fed       data     extern C:\MCC18\SRC\TRADIT~1\PROC\p18f4520.asm
                 POSTDEC1   0x000fe5       data     extern C:\MCC18\SRC\TRADIT~1\PROC\p18f4520.asm
                 POSTDEC2   0x000fdd       data     extern C:\MCC18\SRC\TRADIT~1\PROC\p18f4520.asm
                 POSTINC0   0x000fee       data     extern C:\MCC18\SRC\TRADIT~1\PROC\p18f4520.asm
                 POSTINC1   0x000fe6       data     extern C:\MCC18\SRC\TRADIT~1\PROC\p18f4520.asm
                 POSTINC2   0x000fde       data     extern C:\MCC18\SRC\TRADIT~1\PROC\p18f4520.asm
                      PR2   0x000fcb       data     extern C:\MCC18\SRC\TRADIT~1\PROC\p18f4520.asm
                  PREINC0   0x000fec       data     extern C:\MCC18\SRC\TRADIT~1\PROC\p18f4520.asm
                  PREINC1   0x000fe4       data     extern C:\MCC18\SRC\TRADIT~1\PROC\p18f4520.asm
                  PREINC2   0x000fdc       data     extern C:\MCC18\SRC\TRADIT~1\PROC\p18f4520.asm
                     PROD   0x000ff3       data     extern C:\MCC18\SRC\TRADIT~1\PROC\p18f4520.asm
                    PRODH   0x000ff4       data     extern C:\MCC18\SRC\TRADIT~1\PROC\p18f4520.asm
                    PRODL   0x000ff3       data     extern C:\MCC18\SRC\TRADIT~1\PROC\p18f4520.asm
                  PWM1CON   0x000fb7       data     extern C:\MCC18\SRC\TRADIT~1\PROC\p18f4520.asm
              PWM1CONbits   0x000fb7       data     extern C:\MCC18\SRC\TRADIT~1\PROC\p18f4520.asm
                     RCON   0x000fd0       data     extern C:\MCC18\SRC\TRADIT~1\PROC\p18f4520.asm
                 RCONbits   0x000fd0       data     extern C:\MCC18\SRC\TRADIT~1\PROC\p18f4520.asm
                    RCREG   0x000fae       data     extern C:\MCC18\SRC\TRADIT~1\PROC\p18f4520.asm
                    RCSTA   0x000fab       data     extern C:\MCC18\SRC\TRADIT~1\PROC\p18f4520.asm
                RCSTAbits   0x000fab       data     extern C:\MCC18\SRC\TRADIT~1\PROC\p18f4520.asm
                     SIGN   0x000000       data     extern C:\MCC18\SRC\TRADIT~1\MATH\cmath18.asm
                    SPBRG   0x000faf       data     extern C:\MCC18\SRC\TRADIT~1\PROC\p18f4520.asm
                   SPBRGH   0x000fb0       data     extern C:\MCC18\SRC\TRADIT~1\PROC\p18f4520.asm
                   SSPADD   0x000fc8       data     extern C:\MCC18\SRC\TRADIT~1\PROC\p18f4520.asm
                   SSPBUF   0x000fc9       data     extern C:\MCC18\SRC\TRADIT~1\PROC\p18f4520.asm
                  SSPCON1   0x000fc6       data     extern C:\MCC18\SRC\TRADIT~1\PROC\p18f4520.asm
              SSPCON1bits   0x000fc6       data     extern C:\MCC18\SRC\TRADIT~1\PROC\p18f4520.asm
                  SSPCON2   0x000fc5       data     extern C:\MCC18\SRC\TRADIT~1\PROC\p18f4520.asm
              SSPCON2bits   0x000fc5       data     extern C:\MCC18\SRC\TRADIT~1\PROC\p18f4520.asm
                  SSPSTAT   0x000fc7       data     extern C:\MCC18\SRC\TRADIT~1\PROC\p18f4520.asm
              SSPSTATbits   0x000fc7       data     extern C:\MCC18\SRC\TRADIT~1\PROC\p18f4520.asm
                   STATUS   0x000fd8       data     extern C:\MCC18\SRC\TRADIT~1\PROC\p18f4520.asm
               STATUSbits   0x000fd8       data     extern C:\MCC18\SRC\TRADIT~1\PROC\p18f4520.asm
                   STKPTR   0x000ffc       data     extern C:\MCC18\SRC\TRADIT~1\PROC\p18f4520.asm
               STKPTRbits   0x000ffc       data     extern C:\MCC18\SRC\TRADIT~1\PROC\p18f4520.asm
                    T0CON   0x000fd5       data     extern C:\MCC18\SRC\TRADIT~1\PROC\p18f4520.asm
                T0CONbits   0x000fd5       data     extern C:\MCC18\SRC\TRADIT~1\PROC\p18f4520.asm
                    T1CON   0x000fcd       data     extern C:\MCC18\SRC\TRADIT~1\PROC\p18f4520.asm
                T1CONbits   0x000fcd       data     extern C:\MCC18\SRC\TRADIT~1\PROC\p18f4520.asm
                    T2CON   0x000fca       data     extern C:\MCC18\SRC\TRADIT~1\PROC\p18f4520.asm
                T2CONbits   0x000fca       data     extern C:\MCC18\SRC\TRADIT~1\PROC\p18f4520.asm
                    T3CON   0x000fb1       data     extern C:\MCC18\SRC\TRADIT~1\PROC\p18f4520.asm
                T3CONbits   0x000fb1       data     extern C:\MCC18\SRC\TRADIT~1\PROC\p18f4520.asm
                   TABLAT   0x000ff5       data     extern C:\MCC18\SRC\TRADIT~1\PROC\p18f4520.asm
                   TBLPTR   0x000ff6       data     extern C:\MCC18\SRC\TRADIT~1\PROC\p18f4520.asm
                  TBLPTRH   0x000ff7       data     extern C:\MCC18\SRC\TRADIT~1\PROC\p18f4520.asm
                  TBLPTRL   0x000ff6       data     extern C:\MCC18\SRC\TRADIT~1\PROC\p18f4520.asm
                  TBLPTRU   0x000ff8       data     extern C:\MCC18\SRC\TRADIT~1\PROC\p18f4520.asm
                    TMR0H   0x000fd7       data     extern C:\MCC18\SRC\TRADIT~1\PROC\p18f4520.asm
                    TMR0L   0x000fd6       data     extern C:\MCC18\SRC\TRADIT~1\PROC\p18f4520.asm
                    TMR1H   0x000fcf       data     extern C:\MCC18\SRC\TRADIT~1\PROC\p18f4520.asm
                    TMR1L   0x000fce       data     extern C:\MCC18\SRC\TRADIT~1\PROC\p18f4520.asm
                     TMR2   0x000fcc       data     extern C:\MCC18\SRC\TRADIT~1\PROC\p18f4520.asm
                    TMR3H   0x000fb3       data     extern C:\MCC18\SRC\TRADIT~1\PROC\p18f4520.asm
                    TMR3L   0x000fb2       data     extern C:\MCC18\SRC\TRADIT~1\PROC\p18f4520.asm
                      TOS   0x000ffd       data     extern C:\MCC18\SRC\TRADIT~1\PROC\p18f4520.asm
                     TOSH   0x000ffe       data     extern C:\MCC18\SRC\TRADIT~1\PROC\p18f4520.asm
                     TOSL   0x000ffd       data     extern C:\MCC18\SRC\TRADIT~1\PROC\p18f4520.asm
                     TOSU   0x000fff       data     extern C:\MCC18\SRC\TRADIT~1\PROC\p18f4520.asm
                    TRISA   0x000f92       data     extern C:\MCC18\SRC\TRADIT~1\PROC\p18f4520.asm
                TRISAbits   0x000f92       data     extern C:\MCC18\SRC\TRADIT~1\PROC\p18f4520.asm
                    TRISB   0x000f93       data     extern C:\MCC18\SRC\TRADIT~1\PROC\p18f4520.asm
                TRISBbits   0x000f93       data     extern C:\MCC18\SRC\TRADIT~1\PROC\p18f4520.asm
                    TRISC   0x000f94       data     extern C:\MCC18\SRC\TRADIT~1\PROC\p18f4520.asm
                TRISCbits   0x000f94       data     extern C:\MCC18\SRC\TRADIT~1\PROC\p18f4520.asm
                    TRISD   0x000f95       data     extern C:\MCC18\SRC\TRADIT~1\PROC\p18f4520.asm
                TRISDbits   0x000f95       data     extern C:\MCC18\SRC\TRADIT~1\PROC\p18f4520.asm
                    TRISE   0x000f96       data     extern C:\MCC18\SRC\TRADIT~1\PROC\p18f4520.asm
                TRISEbits   0x000f96       data     extern C:\MCC18\SRC\TRADIT~1\PROC\p18f4520.asm
                    TXREG   0x000fad       data     extern C:\MCC18\SRC\TRADIT~1\PROC\p18f4520.asm
                    TXSTA   0x000fac       data     extern C:\MCC18\SRC\TRADIT~1\PROC\p18f4520.asm
                TXSTAbits   0x000fac       data     extern C:\MCC18\SRC\TRADIT~1\PROC\p18f4520.asm
              Temperature   0x000080       data     extern D:\PIC16\X1\main.c       
                        W   0x000fe8       data     extern C:\MCC18\SRC\TRADIT~1\PROC\p18f4520.asm
                   WDTCON   0x000fd1       data     extern C:\MCC18\SRC\TRADIT~1\PROC\p18f4520.asm
               WDTCONbits   0x000fd1       data     extern C:\MCC18\SRC\TRADIT~1\PROC\p18f4520.asm
                     WREG   0x000fe8       data     extern C:\MCC18\SRC\TRADIT~1\PROC\p18f4520.asm
                 __AARGB0   0x000009       data     extern C:\MCC18\SRC\TRADIT~1\MATH\aarg.asm
                 __AARGB1   0x000008       data     extern C:\MCC18\SRC\TRADIT~1\MATH\aarg.asm
                 __AARGB2   0x000007       data     extern C:\MCC18\SRC\TRADIT~1\MATH\aarg.asm
                 __AARGB3   0x000006       data     extern C:\MCC18\SRC\TRADIT~1\MATH\aarg.asm
                 __AARGB4   0x000005       data     extern C:\MCC18\SRC\TRADIT~1\MATH\aarg.asm
                 __AARGB5   0x000004       data     extern C:\MCC18\SRC\TRADIT~1\MATH\aarg.asm
                 __AARGB6   0x000003       data     extern C:\MCC18\SRC\TRADIT~1\MATH\aarg.asm
                 __AARGB7   0x000002       data     extern C:\MCC18\SRC\TRADIT~1\MATH\aarg.asm
                   __AEXP   0x00000a       data     extern C:\MCC18\SRC\TRADIT~1\MATH\aarg.asm
                 __BARGB0   0x00000e       data     extern C:\MCC18\SRC\TRADIT~1\MATH\barg.asm
                 __BARGB1   0x00000d       data     extern C:\MCC18\SRC\TRADIT~1\MATH\barg.asm
                 __BARGB2   0x00000c       data     extern C:\MCC18\SRC\TRADIT~1\MATH\barg.asm
                 __BARGB3   0x00000b       data     extern C:\MCC18\SRC\TRADIT~1\MATH\barg.asm
                   __BEXP   0x00000f       data     extern C:\MCC18\SRC\TRADIT~1\MATH\barg.asm
                __FPFLAGS   0x000001       data     extern C:\MCC18\SRC\TRADIT~1\MATH\cmath18.asm
            __FPFLAGSbits   0x000001       data     extern C:\MCC18\SRC\TRADIT~1\MATH\cmath18.asm
                  __REMB0   0x000005       data     extern C:\MCC18\SRC\TRADIT~1\MATH\aarg.asm
                  __REMB1   0x000004       data     extern C:\MCC18\SRC\TRADIT~1\MATH\aarg.asm
                  __REMB2   0x000003       data     extern C:\MCC18\SRC\TRADIT~1\MATH\aarg.asm
                  __REMB3   0x000002       data     extern C:\MCC18\SRC\TRADIT~1\MATH\aarg.asm
                   __TEMP   0x000013       data     extern C:\MCC18\SRC\TRADIT~1\MATH\temparg.asm
                 __TEMPB0   0x000013       data     extern C:\MCC18\SRC\TRADIT~1\MATH\temparg.asm
                 __TEMPB1   0x000012       data     extern C:\MCC18\SRC\TRADIT~1\MATH\temparg.asm
                 __TEMPB2   0x000011       data     extern C:\MCC18\SRC\TRADIT~1\MATH\temparg.asm
                 __TEMPB3   0x000010       data     extern C:\MCC18\SRC\TRADIT~1\MATH\temparg.asm
                  __tmp_0   0x000014       data     static D:\PIC16\X1\main.c       
                  __tmp_0   0x000014       data     static D:\PIC16\X1\GXHT30.c     
                  __tmp_0   0x000014       data     static D:\PIC16\X1\delay.c      
                     addr   0x000088       data     extern D:\PIC16\X1\main.c       
                curr_byte   0x00008d       data     static C:\MCC18\src\traditional\startup\c018i.c
               curr_entry   0x00008f       data     static C:\MCC18\src\traditional\startup\c018i.c
                 data_ptr   0x000091       data     static C:\MCC18\src\traditional\startup\c018i.c
                     prom   0x00008a       data     static C:\MCC18\src\traditional\startup\c018i.c



                              Symbols - Sorted by Address
                     Name    Address   Location    Storage File                     
                ---------  ---------  ---------  --------- ---------                
                   _entry   0x000000    program     extern C:\MCC18\src\traditional\startup\c018i.c
       ___return_lbl00000   0x000004    program     static                          
                 IIC_init   0x00002c    program     extern D:\PIC16\X1\GXHT30.c     
                IIC_Start   0x000038    program     extern D:\PIC16\X1\GXHT30.c     
                 IIC_Stop   0x000064    program     extern D:\PIC16\X1\GXHT30.c     
                  IIC_Ack   0x000090    program     extern D:\PIC16\X1\GXHT30.c     
                 IIC_NAck   0x0000b0    program     extern D:\PIC16\X1\GXHT30.c     
                 IIC_WAck   0x0000d0    program     extern D:\PIC16\X1\GXHT30.c     
             IIC_SendByte   0x00013a    program     extern D:\PIC16\X1\GXHT30.c     
             IIC_ReadByte   0x0001da    program     extern D:\PIC16\X1\GXHT30.c     
       GXHT30_read_result   0x000280    program     extern D:\PIC16\X1\GXHT30.c     
         GXHT30_write_cmd   0x00056c    program     extern D:\PIC16\X1\GXHT30.c     
                 FLO1632U   0x0005c6    program     extern C:\MCC18\SRC\TRADIT~1\MATH\cast16FP.asm
                 FLO1632S   0x0005ca    program     extern C:\MCC18\SRC\TRADIT~1\MATH\cast16FP.asm
                jI2F16Beg   0x0005da    program     static C:\MCC18\SRC\TRADIT~1\MATH\cast16FP.asm
                    FPD32   0x0005f0    program     extern C:\MCC18\SRC\TRADIT~1\MATH\divFP.asm
                 jANotInf   0x00060e    program     static C:\MCC18\SRC\TRADIT~1\MATH\divFP.asm
              jSignedZero   0x000618    program     static C:\MCC18\SRC\TRADIT~1\MATH\divFP.asm
                jANotZero   0x000622    program     static C:\MCC18\SRC\TRADIT~1\MATH\divFP.asm
                    jLoop   0x00064a    program     static C:\MCC18\SRC\TRADIT~1\MATH\divFP.asm
                jNoAdjust   0x00066e    program     static C:\MCC18\SRC\TRADIT~1\MATH\divFP.asm
                    jNext   0x000670    program     static C:\MCC18\SRC\TRADIT~1\MATH\divFP.asm
                    FPM32   0x000696    program     extern C:\MCC18\SRC\TRADIT~1\MATH\mulFP.asm
                 jANotInf   0x0006b4    program     static C:\MCC18\SRC\TRADIT~1\MATH\mulFP.asm
              jBothFinite   0x0006c2    program     static C:\MCC18\SRC\TRADIT~1\MATH\mulFP.asm
                jHaveZero   0x0006ca    program     static C:\MCC18\SRC\TRADIT~1\MATH\mulFP.asm
             jBothNotZero   0x0006ce    program     static C:\MCC18\SRC\TRADIT~1\MATH\mulFP.asm
                    FPS32   0x000770    program     extern C:\MCC18\SRC\TRADIT~1\MATH\addFP.asm
                    FPA32   0x000772    program     extern C:\MCC18\SRC\TRADIT~1\MATH\addFP.asm
                jBANotInf   0x000790    program     static C:\MCC18\SRC\TRADIT~1\MATH\addFP.asm
                 jANotInf   0x00079a    program     static C:\MCC18\SRC\TRADIT~1\MATH\addFP.asm
                 jBNotInf   0x0007a8    program     static C:\MCC18\SRC\TRADIT~1\MATH\addFP.asm
            jDifOrPosSign   0x0007bc    program     static C:\MCC18\SRC\TRADIT~1\MATH\addFP.asm
             jNotBothZero   0x0007c0    program     static C:\MCC18\SRC\TRADIT~1\MATH\addFP.asm
                 jAltBexp   0x0007ec    program     static C:\MCC18\SRC\TRADIT~1\MATH\addFP.asm
              jAandWsetup   0x0007fe    program     static C:\MCC18\SRC\TRADIT~1\MATH\addFP.asm
                 jANotNeg   0x00082e    program     static C:\MCC18\SRC\TRADIT~1\MATH\addFP.asm
                 jWNotNeg   0x000842    program     static C:\MCC18\SRC\TRADIT~1\MATH\addFP.asm
               jShiftLoop   0x000848    program     static C:\MCC18\SRC\TRADIT~1\MATH\addFP.asm
               jShiftDone   0x000856    program     static C:\MCC18\SRC\TRADIT~1\MATH\addFP.asm
                jSignDone   0x000886    program     static C:\MCC18\SRC\TRADIT~1\MATH\addFP.asm
               jFinalSign   0x000896    program     static C:\MCC18\SRC\TRADIT~1\MATH\addFP.asm
                 FXD2424S   0x00089e    program     extern C:\MCC18\SRC\TRADIT~1\MATH\fxd2424s.asm
                  DA2424S   0x0008b4    program     static C:\MCC18\SRC\TRADIT~1\MATH\fxd2424s.asm
                   D2424S   0x0008c8    program     static C:\MCC18\SRC\TRADIT~1\MATH\fxd2424s.asm
                 D2424SOK   0x0008d2    program     static C:\MCC18\SRC\TRADIT~1\MATH\fxd2424s.asm
                D2424SNEG   0x0008d6    program     static C:\MCC18\SRC\TRADIT~1\MATH\fxd2424s.asm
                  D2424SX   0x0008ee    program     static C:\MCC18\SRC\TRADIT~1\MATH\fxd2424s.asm
                 FXM2424U   0x0008f8    program     extern C:\MCC18\SRC\TRADIT~1\MATH\fxm2424u.asm
                  TAGTB32   0x00098a    program     extern C:\MCC18\SRC\TRADIT~1\MATH\gtFP.asm
              __FpCompare   0x00099c    program     extern C:\MCC18\SRC\TRADIT~1\MATH\compFP.asm
             jBothNotZero   0x0009ba    program     static C:\MCC18\SRC\TRADIT~1\MATH\compFP.asm
                 jSignsEQ   0x0009be    program     static C:\MCC18\SRC\TRADIT~1\MATH\compFP.asm
                      jEQ   0x0009d6    program     static C:\MCC18\SRC\TRADIT~1\MATH\compFP.asm
                      jNE   0x0009da    program     static C:\MCC18\SRC\TRADIT~1\MATH\compFP.asm
                    jExch   0x0009e2    program     static C:\MCC18\SRC\TRADIT~1\MATH\compFP.asm
                  jNoExch   0x000a02    program     static C:\MCC18\SRC\TRADIT~1\MATH\compFP.asm
                   jFinal   0x000a0c    program     static C:\MCC18\SRC\TRADIT~1\MATH\compFP.asm
                  jAisNeg   0x000a18    program     static C:\MCC18\SRC\TRADIT~1\MATH\compFP.asm
                   jShift   0x000a1e    program     static C:\MCC18\SRC\TRADIT~1\MATH\compFP.asm
                   jExpEQ   0x000a28    program     static C:\MCC18\SRC\TRADIT~1\MATH\compFP.asm
                  jRotate   0x000a34    program     static C:\MCC18\SRC\TRADIT~1\MATH\compFP.asm
            __FpReturnNaN   0x000a46    program     extern C:\MCC18\SRC\TRADIT~1\MATH\packFP.asm
                 __FpExit   0x000a52    program     extern C:\MCC18\SRC\TRADIT~1\MATH\packFP.asm
        __FpReturnSignInf   0x000a54    program     extern C:\MCC18\SRC\TRADIT~1\MATH\packFP.asm
         __FpReturnNegInf   0x000a58    program     extern C:\MCC18\SRC\TRADIT~1\MATH\packFP.asm
         __FpReturnPosInf   0x000a5e    program     extern C:\MCC18\SRC\TRADIT~1\MATH\packFP.asm
           jReturnPosInf0   0x000a62    program     static C:\MCC18\SRC\TRADIT~1\MATH\packFP.asm
               jZero1and2   0x000a66    program     static C:\MCC18\SRC\TRADIT~1\MATH\packFP.asm
       __FpReturnSignZero   0x000a6c    program     extern C:\MCC18\SRC\TRADIT~1\MATH\packFP.asm
        __FpReturnNegZero   0x000a70    program     extern C:\MCC18\SRC\TRADIT~1\MATH\packFP.asm
        __FpReturnPosZero   0x000a78    program     extern C:\MCC18\SRC\TRADIT~1\MATH\packFP.asm
                 __FpPack   0x000a7e    program     extern C:\MCC18\SRC\TRADIT~1\MATH\packFP.asm
                  jPkLoop   0x000a8c    program     static C:\MCC18\SRC\TRADIT~1\MATH\packFP.asm
             jPkShiftDone   0x000aa8    program     static C:\MCC18\SRC\TRADIT~1\MATH\packFP.asm
               jPkRoundIt   0x000abe    program     static C:\MCC18\SRC\TRADIT~1\MATH\packFP.asm
             jPkRoundDone   0x000ad6    program     static C:\MCC18\SRC\TRADIT~1\MATH\packFP.asm
              __FpReturnW   0x000ad6    program     extern C:\MCC18\SRC\TRADIT~1\MATH\packFP.asm
              __FpUnPackA   0x000af6    program     extern C:\MCC18\SRC\TRADIT~1\MATH\UnpackFP.asm
                  jUnpkA1   0x000b00    program     static C:\MCC18\SRC\TRADIT~1\MATH\UnpackFP.asm
                 jUnpkANZ   0x000b0e    program     static C:\MCC18\SRC\TRADIT~1\MATH\UnpackFP.asm
                  jUnpkA2   0x000b18    program     static C:\MCC18\SRC\TRADIT~1\MATH\UnpackFP.asm
                 jUnpkNaN   0x000b22    program     static C:\MCC18\SRC\TRADIT~1\MATH\UnpackFP.asm
              __FpUnPackB   0x000b26    program     extern C:\MCC18\SRC\TRADIT~1\MATH\UnpackFP.asm
                  jUnpkB1   0x000b30    program     static C:\MCC18\SRC\TRADIT~1\MATH\UnpackFP.asm
                 jUnpkBNZ   0x000b3e    program     static C:\MCC18\SRC\TRADIT~1\MATH\UnpackFP.asm
                  jUnpkB2   0x000b48    program     static C:\MCC18\SRC\TRADIT~1\MATH\UnpackFP.asm
                     main   0x000b52    program     extern D:\PIC16\X1\main.c       
                        K   0x000cfa    program     extern D:\PIC16\X1\main.c       
                        G   0x000d0a    program     extern D:\PIC16\X1\main.c       
                Delay10Ms   0x000d1a    program     extern D:\PIC16\X1\delay.c      
                  DelayMs   0x000d8a    program     extern D:\PIC16\X1\delay.c      
                Delay10us   0x000dfa    program     extern D:\PIC16\X1\delay.c      
                  Delayus   0x000e2c    program     extern D:\PIC16\X1\delay.c      
                _do_cinit   0x000e5a    program     extern C:\MCC18\src\traditional\startup\c018i.c
                     test   0x000e74    program     static                          
                copy_loop   0x000ecc    program     static                          
            copy_one_byte   0x000ed2    program     static                          
             done_copying   0x000ee0    program     static                          
                     done   0x000ef6    program     static                          
       ___return_lbl00002   0x000ef6    program     static                          
                 FXD2424U   0x000ef8    program     extern C:\MCC18\src\TRADIT~1\math\fxd2424u.c
                     loop   0x000f04    program     static                          
                   _false   0x000f2c    program     static                          
       ___return_lbl00000   0x000f30    program     static                          
                 k18_init   0x000f32    program     extern D:\PIC16\X1\k18.c        
             Delay10KTCYx   0x000f66    program     extern C:\MCC18\SRC\TRADIT~1\DELAYS\d10ktcyx.asm
                    D10Kx   0x000f70    program     static C:\MCC18\SRC\TRADIT~1\DELAYS\d10ktcyx.asm
                   D10K_1   0x000f72    program     static C:\MCC18\SRC\TRADIT~1\DELAYS\d10ktcyx.asm
       _D10KTCYXCODE_0010   0x000f76    program     static C:\MCC18\SRC\TRADIT~1\DELAYS\d10ktcyx.asm
                    D10Kl   0x000f7e    program     static C:\MCC18\SRC\TRADIT~1\DELAYS\d10ktcyx.asm
       _D10KTCYXCODE_001C   0x000f82    program     static C:\MCC18\SRC\TRADIT~1\DELAYS\d10ktcyx.asm
              Delay1KTCYx   0x000f94    program     extern C:\MCC18\SRC\TRADIT~1\DELAYS\d1ktcyx.asm
                     D1Kx   0x000f9e    program     static C:\MCC18\SRC\TRADIT~1\DELAYS\d1ktcyx.asm
                    D1K_1   0x000fa0    program     static C:\MCC18\SRC\TRADIT~1\DELAYS\d1ktcyx.asm
        _D1KTCYXCODE_0010   0x000fa4    program     static C:\MCC18\SRC\TRADIT~1\DELAYS\d1ktcyx.asm
        _D1KTCYXCODE_0016   0x000faa    program     static C:\MCC18\SRC\TRADIT~1\DELAYS\d1ktcyx.asm
                 _startup   0x000fb4    program     extern C:\MCC18\src\traditional\startup\c018i.c
                     loop   0x000fc4    program     static                          
       ___return_lbl00001   0x000fca    program     static                          
              Delay10TCYx   0x000fcc    program     extern C:\MCC18\SRC\TRADIT~1\DELAYS\d10tcyx.asm
                     D10x   0x000fd4    program     static C:\MCC18\SRC\TRADIT~1\DELAYS\d10tcyx.asm
        _D10TCYXCODE_000A   0x000fd6    program     static C:\MCC18\SRC\TRADIT~1\DELAYS\d10tcyx.asm
        _D10TCYXCODE_000C   0x000fd8    program     static C:\MCC18\SRC\TRADIT~1\DELAYS\d10tcyx.asm
        _D10TCYXCODE_000E   0x000fda    program     static C:\MCC18\SRC\TRADIT~1\DELAYS\d10tcyx.asm
                    D10_1   0x000fdc    program     static C:\MCC18\SRC\TRADIT~1\DELAYS\d10tcyx.asm
                     SIGN   0x000000       data     extern C:\MCC18\SRC\TRADIT~1\MATH\cmath18.asm
                __FPFLAGS   0x000001       data     extern C:\MCC18\SRC\TRADIT~1\MATH\cmath18.asm
            __FPFLAGSbits   0x000001       data     extern C:\MCC18\SRC\TRADIT~1\MATH\cmath18.asm
                 __AARGB7   0x000002       data     extern C:\MCC18\SRC\TRADIT~1\MATH\aarg.asm
                  __REMB3   0x000002       data     extern C:\MCC18\SRC\TRADIT~1\MATH\aarg.asm
                 __AARGB6   0x000003       data     extern C:\MCC18\SRC\TRADIT~1\MATH\aarg.asm
                  __REMB2   0x000003       data     extern C:\MCC18\SRC\TRADIT~1\MATH\aarg.asm
                 __AARGB5   0x000004       data     extern C:\MCC18\SRC\TRADIT~1\MATH\aarg.asm
                  __REMB1   0x000004       data     extern C:\MCC18\SRC\TRADIT~1\MATH\aarg.asm
                 __AARGB4   0x000005       data     extern C:\MCC18\SRC\TRADIT~1\MATH\aarg.asm
                  __REMB0   0x000005       data     extern C:\MCC18\SRC\TRADIT~1\MATH\aarg.asm
                 __AARGB3   0x000006       data     extern C:\MCC18\SRC\TRADIT~1\MATH\aarg.asm
                 __AARGB2   0x000007       data     extern C:\MCC18\SRC\TRADIT~1\MATH\aarg.asm
                 __AARGB1   0x000008       data     extern C:\MCC18\SRC\TRADIT~1\MATH\aarg.asm
                 __AARGB0   0x000009       data     extern C:\MCC18\SRC\TRADIT~1\MATH\aarg.asm
                   __AEXP   0x00000a       data     extern C:\MCC18\SRC\TRADIT~1\MATH\aarg.asm
                 __BARGB3   0x00000b       data     extern C:\MCC18\SRC\TRADIT~1\MATH\barg.asm
                 __BARGB2   0x00000c       data     extern C:\MCC18\SRC\TRADIT~1\MATH\barg.asm
                 __BARGB1   0x00000d       data     extern C:\MCC18\SRC\TRADIT~1\MATH\barg.asm
                 __BARGB0   0x00000e       data     extern C:\MCC18\SRC\TRADIT~1\MATH\barg.asm
                   __BEXP   0x00000f       data     extern C:\MCC18\SRC\TRADIT~1\MATH\barg.asm
                 __TEMPB3   0x000010       data     extern C:\MCC18\SRC\TRADIT~1\MATH\temparg.asm
                 __TEMPB2   0x000011       data     extern C:\MCC18\SRC\TRADIT~1\MATH\temparg.asm
                 __TEMPB1   0x000012       data     extern C:\MCC18\SRC\TRADIT~1\MATH\temparg.asm
                 __TEMPB0   0x000013       data     extern C:\MCC18\SRC\TRADIT~1\MATH\temparg.asm
                   __TEMP   0x000013       data     extern C:\MCC18\SRC\TRADIT~1\MATH\temparg.asm
                  __tmp_0   0x000014       data     static D:\PIC16\X1\main.c       
                  __tmp_0   0x000014       data     static D:\PIC16\X1\GXHT30.c     
                  __tmp_0   0x000014       data     static D:\PIC16\X1\delay.c      
            DelayCounter2   0x000024       data     extern C:\MCC18\SRC\TRADIT~1\DELAYS\delayd2.asm
            DelayCounter1   0x000025       data     extern C:\MCC18\SRC\TRADIT~1\DELAYS\delayd1.asm
              Temperature   0x000080       data     extern D:\PIC16\X1\main.c       
                 Humidity   0x000084       data     extern D:\PIC16\X1\main.c       
                     addr   0x000088       data     extern D:\PIC16\X1\main.c       
                     prom   0x00008a       data     static C:\MCC18\src\traditional\startup\c018i.c
                curr_byte   0x00008d       data     static C:\MCC18\src\traditional\startup\c018i.c
               curr_entry   0x00008f       data     static C:\MCC18\src\traditional\startup\c018i.c
                 data_ptr   0x000091       data     static C:\MCC18\src\traditional\startup\c018i.c
                PORTAbits   0x000f80       data     extern C:\MCC18\SRC\TRADIT~1\PROC\p18f4520.asm
                    PORTA   0x000f80       data     extern C:\MCC18\SRC\TRADIT~1\PROC\p18f4520.asm
                PORTBbits   0x000f81       data     extern C:\MCC18\SRC\TRADIT~1\PROC\p18f4520.asm
                    PORTB   0x000f81       data     extern C:\MCC18\SRC\TRADIT~1\PROC\p18f4520.asm
                PORTCbits   0x000f82       data     extern C:\MCC18\SRC\TRADIT~1\PROC\p18f4520.asm
                    PORTC   0x000f82       data     extern C:\MCC18\SRC\TRADIT~1\PROC\p18f4520.asm
                PORTDbits   0x000f83       data     extern C:\MCC18\SRC\TRADIT~1\PROC\p18f4520.asm
                    PORTD   0x000f83       data     extern C:\MCC18\SRC\TRADIT~1\PROC\p18f4520.asm
                PORTEbits   0x000f84       data     extern C:\MCC18\SRC\TRADIT~1\PROC\p18f4520.asm
                    PORTE   0x000f84       data     extern C:\MCC18\SRC\TRADIT~1\PROC\p18f4520.asm
                 LATAbits   0x000f89       data     extern C:\MCC18\SRC\TRADIT~1\PROC\p18f4520.asm
                     LATA   0x000f89       data     extern C:\MCC18\SRC\TRADIT~1\PROC\p18f4520.asm
                 LATBbits   0x000f8a       data     extern C:\MCC18\SRC\TRADIT~1\PROC\p18f4520.asm
                     LATB   0x000f8a       data     extern C:\MCC18\SRC\TRADIT~1\PROC\p18f4520.asm
                 LATCbits   0x000f8b       data     extern C:\MCC18\SRC\TRADIT~1\PROC\p18f4520.asm
                     LATC   0x000f8b       data     extern C:\MCC18\SRC\TRADIT~1\PROC\p18f4520.asm
                 LATDbits   0x000f8c       data     extern C:\MCC18\SRC\TRADIT~1\PROC\p18f4520.asm
                     LATD   0x000f8c       data     extern C:\MCC18\SRC\TRADIT~1\PROC\p18f4520.asm
                     LATE   0x000f8d       data     extern C:\MCC18\SRC\TRADIT~1\PROC\p18f4520.asm
                 LATEbits   0x000f8d       data     extern C:\MCC18\SRC\TRADIT~1\PROC\p18f4520.asm
                 DDRAbits   0x000f92       data     extern C:\MCC18\SRC\TRADIT~1\PROC\p18f4520.asm
                     DDRA   0x000f92       data     extern C:\MCC18\SRC\TRADIT~1\PROC\p18f4520.asm
                    TRISA   0x000f92       data     extern C:\MCC18\SRC\TRADIT~1\PROC\p18f4520.asm
                TRISAbits   0x000f92       data     extern C:\MCC18\SRC\TRADIT~1\PROC\p18f4520.asm
                    TRISB   0x000f93       data     extern C:\MCC18\SRC\TRADIT~1\PROC\p18f4520.asm
                TRISBbits   0x000f93       data     extern C:\MCC18\SRC\TRADIT~1\PROC\p18f4520.asm
                     DDRB   0x000f93       data     extern C:\MCC18\SRC\TRADIT~1\PROC\p18f4520.asm
                 DDRBbits   0x000f93       data     extern C:\MCC18\SRC\TRADIT~1\PROC\p18f4520.asm
                TRISCbits   0x000f94       data     extern C:\MCC18\SRC\TRADIT~1\PROC\p18f4520.asm
                    TRISC   0x000f94       data     extern C:\MCC18\SRC\TRADIT~1\PROC\p18f4520.asm
                     DDRC   0x000f94       data     extern C:\MCC18\SRC\TRADIT~1\PROC\p18f4520.asm
                 DDRCbits   0x000f94       data     extern C:\MCC18\SRC\TRADIT~1\PROC\p18f4520.asm
                 DDRDbits   0x000f95       data     extern C:\MCC18\SRC\TRADIT~1\PROC\p18f4520.asm
                     DDRD   0x000f95       data     extern C:\MCC18\SRC\TRADIT~1\PROC\p18f4520.asm
                TRISDbits   0x000f95       data     extern C:\MCC18\SRC\TRADIT~1\PROC\p18f4520.asm
                    TRISD   0x000f95       data     extern C:\MCC18\SRC\TRADIT~1\PROC\p18f4520.asm
                     DDRE   0x000f96       data     extern C:\MCC18\SRC\TRADIT~1\PROC\p18f4520.asm
                TRISEbits   0x000f96       data     extern C:\MCC18\SRC\TRADIT~1\PROC\p18f4520.asm
                    TRISE   0x000f96       data     extern C:\MCC18\SRC\TRADIT~1\PROC\p18f4520.asm
                 DDREbits   0x000f96       data     extern C:\MCC18\SRC\TRADIT~1\PROC\p18f4520.asm
                  OSCTUNE   0x000f9b       data     extern C:\MCC18\SRC\TRADIT~1\PROC\p18f4520.asm
              OSCTUNEbits   0x000f9b       data     extern C:\MCC18\SRC\TRADIT~1\PROC\p18f4520.asm
                     PIE1   0x000f9d       data     extern C:\MCC18\SRC\TRADIT~1\PROC\p18f4520.asm
                 PIE1bits   0x000f9d       data     extern C:\MCC18\SRC\TRADIT~1\PROC\p18f4520.asm
                     PIR1   0x000f9e       data     extern C:\MCC18\SRC\TRADIT~1\PROC\p18f4520.asm
                 PIR1bits   0x000f9e       data     extern C:\MCC18\SRC\TRADIT~1\PROC\p18f4520.asm
                 IPR1bits   0x000f9f       data     extern C:\MCC18\SRC\TRADIT~1\PROC\p18f4520.asm
                     IPR1   0x000f9f       data     extern C:\MCC18\SRC\TRADIT~1\PROC\p18f4520.asm
                 PIE2bits   0x000fa0       data     extern C:\MCC18\SRC\TRADIT~1\PROC\p18f4520.asm
                     PIE2   0x000fa0       data     extern C:\MCC18\SRC\TRADIT~1\PROC\p18f4520.asm
                     PIR2   0x000fa1       data     extern C:\MCC18\SRC\TRADIT~1\PROC\p18f4520.asm
                 PIR2bits   0x000fa1       data     extern C:\MCC18\SRC\TRADIT~1\PROC\p18f4520.asm
                 IPR2bits   0x000fa2       data     extern C:\MCC18\SRC\TRADIT~1\PROC\p18f4520.asm
                     IPR2   0x000fa2       data     extern C:\MCC18\SRC\TRADIT~1\PROC\p18f4520.asm
               EECON1bits   0x000fa6       data     extern C:\MCC18\SRC\TRADIT~1\PROC\p18f4520.asm
                   EECON1   0x000fa6       data     extern C:\MCC18\SRC\TRADIT~1\PROC\p18f4520.asm
                   EECON2   0x000fa7       data     extern C:\MCC18\SRC\TRADIT~1\PROC\p18f4520.asm
                   EEDATA   0x000fa8       data     extern C:\MCC18\SRC\TRADIT~1\PROC\p18f4520.asm
                    EEADR   0x000fa9       data     extern C:\MCC18\SRC\TRADIT~1\PROC\p18f4520.asm
                    RCSTA   0x000fab       data     extern C:\MCC18\SRC\TRADIT~1\PROC\p18f4520.asm
                RCSTAbits   0x000fab       data     extern C:\MCC18\SRC\TRADIT~1\PROC\p18f4520.asm
                    TXSTA   0x000fac       data     extern C:\MCC18\SRC\TRADIT~1\PROC\p18f4520.asm
                TXSTAbits   0x000fac       data     extern C:\MCC18\SRC\TRADIT~1\PROC\p18f4520.asm
                    TXREG   0x000fad       data     extern C:\MCC18\SRC\TRADIT~1\PROC\p18f4520.asm
                    RCREG   0x000fae       data     extern C:\MCC18\SRC\TRADIT~1\PROC\p18f4520.asm
                    SPBRG   0x000faf       data     extern C:\MCC18\SRC\TRADIT~1\PROC\p18f4520.asm
                   SPBRGH   0x000fb0       data     extern C:\MCC18\SRC\TRADIT~1\PROC\p18f4520.asm
                T3CONbits   0x000fb1       data     extern C:\MCC18\SRC\TRADIT~1\PROC\p18f4520.asm
                    T3CON   0x000fb1       data     extern C:\MCC18\SRC\TRADIT~1\PROC\p18f4520.asm
                    TMR3L   0x000fb2       data     extern C:\MCC18\SRC\TRADIT~1\PROC\p18f4520.asm
                    TMR3H   0x000fb3       data     extern C:\MCC18\SRC\TRADIT~1\PROC\p18f4520.asm
                    CMCON   0x000fb4       data     extern C:\MCC18\SRC\TRADIT~1\PROC\p18f4520.asm
                CMCONbits   0x000fb4       data     extern C:\MCC18\SRC\TRADIT~1\PROC\p18f4520.asm
                   CVRCON   0x000fb5       data     extern C:\MCC18\SRC\TRADIT~1\PROC\p18f4520.asm
               CVRCONbits   0x000fb5       data     extern C:\MCC18\SRC\TRADIT~1\PROC\p18f4520.asm
                  ECCP1AS   0x000fb6       data     extern C:\MCC18\SRC\TRADIT~1\PROC\p18f4520.asm
              ECCP1ASbits   0x000fb6       data     extern C:\MCC18\SRC\TRADIT~1\PROC\p18f4520.asm
              PWM1CONbits   0x000fb7       data     extern C:\MCC18\SRC\TRADIT~1\PROC\p18f4520.asm
                  PWM1CON   0x000fb7       data     extern C:\MCC18\SRC\TRADIT~1\PROC\p18f4520.asm
                  BAUDCON   0x000fb8       data     extern C:\MCC18\SRC\TRADIT~1\PROC\p18f4520.asm
              BAUDCONbits   0x000fb8       data     extern C:\MCC18\SRC\TRADIT~1\PROC\p18f4520.asm
              BAUDCTLbits   0x000fb8       data     extern C:\MCC18\SRC\TRADIT~1\PROC\p18f4520.asm
                  BAUDCTL   0x000fb8       data     extern C:\MCC18\SRC\TRADIT~1\PROC\p18f4520.asm
              CCP2CONbits   0x000fba       data     extern C:\MCC18\SRC\TRADIT~1\PROC\p18f4520.asm
                  CCP2CON   0x000fba       data     extern C:\MCC18\SRC\TRADIT~1\PROC\p18f4520.asm
                   CCPR2L   0x000fbb       data     extern C:\MCC18\SRC\TRADIT~1\PROC\p18f4520.asm
                    CCPR2   0x000fbb       data     extern C:\MCC18\SRC\TRADIT~1\PROC\p18f4520.asm
                   CCPR2H   0x000fbc       data     extern C:\MCC18\SRC\TRADIT~1\PROC\p18f4520.asm
                  CCP1CON   0x000fbd       data     extern C:\MCC18\SRC\TRADIT~1\PROC\p18f4520.asm
              CCP1CONbits   0x000fbd       data     extern C:\MCC18\SRC\TRADIT~1\PROC\p18f4520.asm
                    CCPR1   0x000fbe       data     extern C:\MCC18\SRC\TRADIT~1\PROC\p18f4520.asm
                   CCPR1L   0x000fbe       data     extern C:\MCC18\SRC\TRADIT~1\PROC\p18f4520.asm
                   CCPR1H   0x000fbf       data     extern C:\MCC18\SRC\TRADIT~1\PROC\p18f4520.asm
               ADCON2bits   0x000fc0       data     extern C:\MCC18\SRC\TRADIT~1\PROC\p18f4520.asm
                   ADCON2   0x000fc0       data     extern C:\MCC18\SRC\TRADIT~1\PROC\p18f4520.asm
               ADCON1bits   0x000fc1       data     extern C:\MCC18\SRC\TRADIT~1\PROC\p18f4520.asm
                   ADCON1   0x000fc1       data     extern C:\MCC18\SRC\TRADIT~1\PROC\p18f4520.asm
               ADCON0bits   0x000fc2       data     extern C:\MCC18\SRC\TRADIT~1\PROC\p18f4520.asm
                   ADCON0   0x000fc2       data     extern C:\MCC18\SRC\TRADIT~1\PROC\p18f4520.asm
                   ADRESL   0x000fc3       data     extern C:\MCC18\SRC\TRADIT~1\PROC\p18f4520.asm
                    ADRES   0x000fc3       data     extern C:\MCC18\SRC\TRADIT~1\PROC\p18f4520.asm
                   ADRESH   0x000fc4       data     extern C:\MCC18\SRC\TRADIT~1\PROC\p18f4520.asm
                  SSPCON2   0x000fc5       data     extern C:\MCC18\SRC\TRADIT~1\PROC\p18f4520.asm
              SSPCON2bits   0x000fc5       data     extern C:\MCC18\SRC\TRADIT~1\PROC\p18f4520.asm
                  SSPCON1   0x000fc6       data     extern C:\MCC18\SRC\TRADIT~1\PROC\p18f4520.asm
              SSPCON1bits   0x000fc6       data     extern C:\MCC18\SRC\TRADIT~1\PROC\p18f4520.asm
                  SSPSTAT   0x000fc7       data     extern C:\MCC18\SRC\TRADIT~1\PROC\p18f4520.asm
              SSPSTATbits   0x000fc7       data     extern C:\MCC18\SRC\TRADIT~1\PROC\p18f4520.asm
                   SSPADD   0x000fc8       data     extern C:\MCC18\SRC\TRADIT~1\PROC\p18f4520.asm
                   SSPBUF   0x000fc9       data     extern C:\MCC18\SRC\TRADIT~1\PROC\p18f4520.asm
                T2CONbits   0x000fca       data     extern C:\MCC18\SRC\TRADIT~1\PROC\p18f4520.asm
                    T2CON   0x000fca       data     extern C:\MCC18\SRC\TRADIT~1\PROC\p18f4520.asm
                      PR2   0x000fcb       data     extern C:\MCC18\SRC\TRADIT~1\PROC\p18f4520.asm
                     TMR2   0x000fcc       data     extern C:\MCC18\SRC\TRADIT~1\PROC\p18f4520.asm
                T1CONbits   0x000fcd       data     extern C:\MCC18\SRC\TRADIT~1\PROC\p18f4520.asm
                    T1CON   0x000fcd       data     extern C:\MCC18\SRC\TRADIT~1\PROC\p18f4520.asm
                    TMR1L   0x000fce       data     extern C:\MCC18\SRC\TRADIT~1\PROC\p18f4520.asm
                    TMR1H   0x000fcf       data     extern C:\MCC18\SRC\TRADIT~1\PROC\p18f4520.asm
                 RCONbits   0x000fd0       data     extern C:\MCC18\SRC\TRADIT~1\PROC\p18f4520.asm
                     RCON   0x000fd0       data     extern C:\MCC18\SRC\TRADIT~1\PROC\p18f4520.asm
               WDTCONbits   0x000fd1       data     extern C:\MCC18\SRC\TRADIT~1\PROC\p18f4520.asm
                   WDTCON   0x000fd1       data     extern C:\MCC18\SRC\TRADIT~1\PROC\p18f4520.asm
               LVDCONbits   0x000fd2       data     extern C:\MCC18\SRC\TRADIT~1\PROC\p18f4520.asm
                   LVDCON   0x000fd2       data     extern C:\MCC18\SRC\TRADIT~1\PROC\p18f4520.asm
              HLVDCONbits   0x000fd2       data     extern C:\MCC18\SRC\TRADIT~1\PROC\p18f4520.asm
                  HLVDCON   0x000fd2       data     extern C:\MCC18\SRC\TRADIT~1\PROC\p18f4520.asm
               OSCCONbits   0x000fd3       data     extern C:\MCC18\SRC\TRADIT~1\PROC\p18f4520.asm
                   OSCCON   0x000fd3       data     extern C:\MCC18\SRC\TRADIT~1\PROC\p18f4520.asm
                    T0CON   0x000fd5       data     extern C:\MCC18\SRC\TRADIT~1\PROC\p18f4520.asm
                T0CONbits   0x000fd5       data     extern C:\MCC18\SRC\TRADIT~1\PROC\p18f4520.asm
                    TMR0L   0x000fd6       data     extern C:\MCC18\SRC\TRADIT~1\PROC\p18f4520.asm
                    TMR0H   0x000fd7       data     extern C:\MCC18\SRC\TRADIT~1\PROC\p18f4520.asm
                   STATUS   0x000fd8       data     extern C:\MCC18\SRC\TRADIT~1\PROC\p18f4520.asm
               STATUSbits   0x000fd8       data     extern C:\MCC18\SRC\TRADIT~1\PROC\p18f4520.asm
                    FSR2L   0x000fd9       data     extern C:\MCC18\SRC\TRADIT~1\PROC\p18f4520.asm
                     FSR2   0x000fd9       data     extern C:\MCC18\SRC\TRADIT~1\PROC\p18f4520.asm
                    FSR2H   0x000fda       data     extern C:\MCC18\SRC\TRADIT~1\PROC\p18f4520.asm
                   PLUSW2   0x000fdb       data     extern C:\MCC18\SRC\TRADIT~1\PROC\p18f4520.asm
                  PREINC2   0x000fdc       data     extern C:\MCC18\SRC\TRADIT~1\PROC\p18f4520.asm
                 POSTDEC2   0x000fdd       data     extern C:\MCC18\SRC\TRADIT~1\PROC\p18f4520.asm
                 POSTINC2   0x000fde       data     extern C:\MCC18\SRC\TRADIT~1\PROC\p18f4520.asm
                    INDF2   0x000fdf       data     extern C:\MCC18\SRC\TRADIT~1\PROC\p18f4520.asm
                      BSR   0x000fe0       data     extern C:\MCC18\SRC\TRADIT~1\PROC\p18f4520.asm
                     FSR1   0x000fe1       data     extern C:\MCC18\SRC\TRADIT~1\PROC\p18f4520.asm
                    FSR1L   0x000fe1       data     extern C:\MCC18\SRC\TRADIT~1\PROC\p18f4520.asm
                    FSR1H   0x000fe2       data     extern C:\MCC18\SRC\TRADIT~1\PROC\p18f4520.asm
                   PLUSW1   0x000fe3       data     extern C:\MCC18\SRC\TRADIT~1\PROC\p18f4520.asm
                  PREINC1   0x000fe4       data     extern C:\MCC18\SRC\TRADIT~1\PROC\p18f4520.asm
                 POSTDEC1   0x000fe5       data     extern C:\MCC18\SRC\TRADIT~1\PROC\p18f4520.asm
                 POSTINC1   0x000fe6       data     extern C:\MCC18\SRC\TRADIT~1\PROC\p18f4520.asm
                    INDF1   0x000fe7       data     extern C:\MCC18\SRC\TRADIT~1\PROC\p18f4520.asm
                        W   0x000fe8       data     extern C:\MCC18\SRC\TRADIT~1\PROC\p18f4520.asm
                     WREG   0x000fe8       data     extern C:\MCC18\SRC\TRADIT~1\PROC\p18f4520.asm
                     FSR0   0x000fe9       data     extern C:\MCC18\SRC\TRADIT~1\PROC\p18f4520.asm
                    FSR0L   0x000fe9       data     extern C:\MCC18\SRC\TRADIT~1\PROC\p18f4520.asm
                    FSR0H   0x000fea       data     extern C:\MCC18\SRC\TRADIT~1\PROC\p18f4520.asm
                   PLUSW0   0x000feb       data     extern C:\MCC18\SRC\TRADIT~1\PROC\p18f4520.asm
                  PREINC0   0x000fec       data     extern C:\MCC18\SRC\TRADIT~1\PROC\p18f4520.asm
                 POSTDEC0   0x000fed       data     extern C:\MCC18\SRC\TRADIT~1\PROC\p18f4520.asm
                 POSTINC0   0x000fee       data     extern C:\MCC18\SRC\TRADIT~1\PROC\p18f4520.asm
                    INDF0   0x000fef       data     extern C:\MCC18\SRC\TRADIT~1\PROC\p18f4520.asm
              INTCON3bits   0x000ff0       data     extern C:\MCC18\SRC\TRADIT~1\PROC\p18f4520.asm
                  INTCON3   0x000ff0       data     extern C:\MCC18\SRC\TRADIT~1\PROC\p18f4520.asm
              INTCON2bits   0x000ff1       data     extern C:\MCC18\SRC\TRADIT~1\PROC\p18f4520.asm
                  INTCON2   0x000ff1       data     extern C:\MCC18\SRC\TRADIT~1\PROC\p18f4520.asm
               INTCONbits   0x000ff2       data     extern C:\MCC18\SRC\TRADIT~1\PROC\p18f4520.asm
                   INTCON   0x000ff2       data     extern C:\MCC18\SRC\TRADIT~1\PROC\p18f4520.asm
                    PRODL   0x000ff3       data     extern C:\MCC18\SRC\TRADIT~1\PROC\p18f4520.asm
                     PROD   0x000ff3       data     extern C:\MCC18\SRC\TRADIT~1\PROC\p18f4520.asm
                    PRODH   0x000ff4       data     extern C:\MCC18\SRC\TRADIT~1\PROC\p18f4520.asm
                   TABLAT   0x000ff5       data     extern C:\MCC18\SRC\TRADIT~1\PROC\p18f4520.asm
                  TBLPTRL   0x000ff6       data     extern C:\MCC18\SRC\TRADIT~1\PROC\p18f4520.asm
                   TBLPTR   0x000ff6       data     extern C:\MCC18\SRC\TRADIT~1\PROC\p18f4520.asm
                  TBLPTRH   0x000ff7       data     extern C:\MCC18\SRC\TRADIT~1\PROC\p18f4520.asm
                  TBLPTRU   0x000ff8       data     extern C:\MCC18\SRC\TRADIT~1\PROC\p18f4520.asm
                      PCL   0x000ff9       data     extern C:\MCC18\SRC\TRADIT~1\PROC\p18f4520.asm
                       PC   0x000ff9       data     extern C:\MCC18\SRC\TRADIT~1\PROC\p18f4520.asm
                   PCLATH   0x000ffa       data     extern C:\MCC18\SRC\TRADIT~1\PROC\p18f4520.asm
                   PCLATU   0x000ffb       data     extern C:\MCC18\SRC\TRADIT~1\PROC\p18f4520.asm
               STKPTRbits   0x000ffc       data     extern C:\MCC18\SRC\TRADIT~1\PROC\p18f4520.asm
                   STKPTR   0x000ffc       data     extern C:\MCC18\SRC\TRADIT~1\PROC\p18f4520.asm
                      TOS   0x000ffd       data     extern C:\MCC18\SRC\TRADIT~1\PROC\p18f4520.asm
                     TOSL   0x000ffd       data     extern C:\MCC18\SRC\TRADIT~1\PROC\p18f4520.asm
                     TOSH   0x000ffe       data     extern C:\MCC18\SRC\TRADIT~1\PROC\p18f4520.asm
                     TOSU   0x000fff       data     extern C:\MCC18\SRC\TRADIT~1\PROC\p18f4520.asm


